=== overnight CFR+ start Thu Aug 13 06:47:54 PM CEST 2026
--- chunk 1/30 18:47
1,000,000/10,000,000  153,779 infosets  5765 it/s
2,000,000/10,000,000  156,863 infosets  5865 it/s
3,000,000/10,000,000  157,961 infosets  5926 it/s
4,000,000/10,000,000  158,553 infosets  5988 it/s
5,000,000/10,000,000  159,399 infosets  6040 it/s
6,000,000/10,000,000  159,896 infosets  6067 it/s
7,000,000/10,000,000  160,074 infosets  6097 it/s
8,000,000/10,000,000  160,262 infosets  6120 it/s
9,000,000/10,000,000  160,465 infosets  6147 it/s
10,000,000/10,000,000  160,575 infosets  6173 it/s

done: +10,000,000 iterations (10,000,000 total) in 1620.2s
infosets: 160,575 seen, 153,244 exported, 5,089 pruned
table: strategy-hulimit.json 6.5MB, state: train-state.json 21.9MB
--- chunk 2/30 19:14
resumed: 10,000,000 iterations, 160,575 infosets
1,000,000/10,000,000  160,698 infosets  6460 it/s
2,000,000/10,000,000  160,790 infosets  6484 it/s
3,000,000/10,000,000  160,878 infosets  6498 it/s
